<?xml version="1.0" encoding="utf-8"?><testsuites><testsuite name="pytest" errors="0" failures="0" skipped="0" tests="5" time="0.029" timestamp="2025-04-16T10:25:37.828804+02:00" hostname="AAP-5CG4413V5G"><testcase classname="sources.test_calc.TestCalc" name="test_add_floats" time="0.001" /><testcase classname="sources.test_calc.TestCalc" name="test_add_integers" time="0.001" /><testcase classname="sources.test_calc.TestCalc" name="test_add_string_and_integer" time="0.000" /><testcase classname="sources.test_calc.TestCalc" name="test_add_string_and_number" time="0.000" /><testcase classname="sources.test_calc.TestCalc" name="test_add_strings" time="0.000" /></testsuite></testsuites>